[    0.000000] Linux version 4.15.0-159-generic (buildd@lgw01-amd64-055) (gcc version 7.5.0 (Ubuntu 7.5.0-3ubuntu1~18.04)) #167-Ubuntu SMP Tue Sep 21 08:55:05 UTC 2021 (Ubuntu 4.15.0-159.167-generic 4.15.18)
[    0.000000] Command line: BOOT_IMAGE=/boot/vmlinuz-4.15.0-159-generic root=LABEL=cloudimg-rootfs ro console=tty1 console=ttyS0
[    0.000000] KERNEL supported cpus:
[    0.000000]   Intel GenuineIntel
[    0.000000]   AMD AuthenticAMD
[    0.000000]   Centaur CentaurHauls
[    0.000000] [Firmware Bug]: TSC doesn't count with P0 frequency!
[    0.000000] random: get_random_u32 called from bsp_init_amd+0x207/0x2c0 with crng_init=0
[    0.000000] x86/fpu: Supporting XSAVE feature 0x001: 'x87 floating point registers'
[    0.000000] x86/fpu: Supporting XSAVE feature 0x002: 'SSE registers'
[    0.000000] x86/fpu: Supporting XSAVE feature 0x004: 'AVX registers'
[    0.000000] x86/fpu: xstate_offset[2]:  576, xstate_sizes[2]:  256
[    0.000000] x86/fpu: Enabled xstate features 0x7, context size is 832 bytes, using 'standard' format.
[    0.000000] e820: BIOS-provided physical RAM map:
[    0.000000] BIOS-e820: [mem 0x0000000000000000-0x000000000009fbff] usable
[    0.000000] BIOS-e820: [mem 0x000000000009fc00-0x000000000009ffff] reserved
[    0.000000] BIOS-e820: [mem 0x00000000000f0000-0x00000000000fffff] reserved
[    0.000000] BIOS-e820: [mem 0x0000000000100000-0x000000003ffeffff] usable
[    0.000000] BIOS-e820: [mem 0x000000003fff0000-0x000000003fffffff] ACPI data
[    0.000000] BIOS-e820: [mem 0x00000000fec00000-0x00000000fec00fff] reserved
[    0.000000] BIOS-e820: [mem 0x00000000fee00000-0x00000000fee00fff] reserved
[    0.000000] BIOS-e820: [mem 0x00000000fffc0000-0x00000000ffffffff] reserved
[    0.000000] NX (Execute Disable) protection: active
[    0.000000] SMBIOS 2.5 present.
[    0.000000] DMI: innotek GmbH VirtualBox/VirtualBox, BIOS VirtualBox 12/01/2006
[    0.000000] Hypervisor detected: KVM
[    0.000000] e820: last_pfn = 0x3fff0 max_arch_pfn = 0x400000000
[    0.000000] MTRR: Disabled
[    0.000000] x86/PAT: MTRRs disabled, skipping PAT initialization too.
[    0.000000] CPU MTRRs all blank - virtualized system.
[    0.000000] x86/PAT: Configuration [0-7]: WB  WT  UC- UC  WB  WT  UC- UC  
[    0.000000] found SMP MP-table at [mem 0x0009fff0-0x0009ffff]
[    0.000000] Scanning 1 areas for low memory corruption
[    0.000000] RAMDISK: [mem 0x359cb000-0x36cdcfff]
[    0.000000] ACPI: Early table checksum verification disabled
[    0.000000] ACPI: RSDP 0x00000000000E0000 000024 (v02 VBOX  )
[    0.000000] ACPI: XSDT 0x000000003FFF0030 00003C (v01 VBOX   VBOXXSDT 00000001 ASL  00000061)
[    0.000000] ACPI: FACP 0x000000003FFF00F0 0000F4 (v04 VBOX   VBOXFACP 00000001 ASL  00000061)
[    0.000000] ACPI: DSDT 0x000000003FFF0470 002325 (v02 VBOX   VBOXBIOS 00000002 INTL 20190509)
[    0.000000] ACPI: FACS 0x000000003FFF0200 000040
[    0.000000] ACPI: FACS 0x000000003FFF0200 000040
[    0.000000] ACPI: APIC 0x000000003FFF0240 00005C (v02 VBOX   VBOXAPIC 00000001 ASL  00000061)
[    0.000000] ACPI: SSDT 0x000000003FFF02A0 0001CC (v01 VBOX   VBOXCPUT 00000002 INTL 20190509)
[    0.000000] ACPI: Reserving FACP table memory at [mem 0x3fff00f0-0x3fff01e3]
[    0.000000] ACPI: Reserving DSDT table memory at [mem 0x3fff0470-0x3fff2794]
[    0.000000] ACPI: Reserving FACS table memory at [mem 0x3fff0200-0x3fff023f]
[    0.000000] ACPI: Reserving FACS table memory at [mem 0x3fff0200-0x3fff023f]
[    0.000000] ACPI: Reserving APIC table memory at [mem 0x3fff0240-0x3fff029b]
[    0.000000] ACPI: Reserving SSDT table memory at [mem 0x3fff02a0-0x3fff046b]
[    0.000000] No NUMA configuration found
[    0.000000] Faking a node at [mem 0x0000000000000000-0x000000003ffeffff]
[    0.000000] NODE_DATA(0) allocated [mem 0x3ffc5000-0x3ffeffff]
[    0.000000] kvm-clock: cpu 0, msr 0:3ff44001, primary cpu clock
[    0.000000] kvm-clock: Using msrs 4b564d01 and 4b564d00
[    0.000000] kvm-clock: using sched offset of 8932321646 cycles
[    0.000000] clocksource: kvm-clock: mask: 0xffffffffffffffff max_cycles: 0x1cd42e4dffb, max_idle_ns: 881590591483 ns
[    0.000000] Zone ranges:
[    0.000000]   DMA      [mem 0x0000000000001000-0x0000000000ffffff]
[    0.000000]   DMA32    [mem 0x0000000001000000-0x000000003ffeffff]
[    0.000000]   Normal   empty
[    0.000000]   Device   empty
[    0.000000] Movable zone start for each node
[    0.000000] Early memory node ranges
[    0.000000]   node   0: [mem 0x0000000000001000-0x000000000009efff]
[    0.000000]   node   0: [mem 0x0000000000100000-0x000000003ffeffff]
[    0.000000] Reserved but unavailable: 104 pages
[    0.000000] Initmem setup node 0 [mem 0x0000000000001000-0x000000003ffeffff]
[    0.000000] ACPI: PM-Timer IO Port: 0x4008
[    0.000000] IOAPIC[0]: apic_id 2, version 32, address 0xfec00000, GSI 0-23
[    0.000000] ACPI: INT_SRC_OVR (bus 0 bus_irq 0 global_irq 2 dfl dfl)
[    0.000000] ACPI: INT_SRC_OVR (bus 0 bus_irq 9 global_irq 9 low level)
[    0.000000] Using ACPI (MADT) for SMP configuration information
[    0.000000] smpboot: Allowing 2 CPUs, 0 hotplug CPUs
[    0.000000] PM: Registered nosave memory: [mem 0x00000000-0x00000fff]
[    0.000000] PM: Registered nosave memory: [mem 0x0009f000-0x0009ffff]
[    0.000000] PM: Registered nosave memory: [mem 0x000a0000-0x000effff]
[    0.000000] PM: Registered nosave memory: [mem 0x000f0000-0x000fffff]
[    0.000000] e820: [mem 0x40000000-0xfebfffff] available for PCI devices
[    0.000000] Booting paravirtualized kernel on KVM
[    0.000000] clocksource: refined-jiffies: mask: 0xffffffff max_cycles: 0xffffffff, max_idle_ns: 7645519600211568 ns
[    0.000000] setup_percpu: NR_CPUS:8192 nr_cpumask_bits:2 nr_cpu_ids:2 nr_node_ids:1
[    0.000000] percpu: Embedded 45 pages/cpu s147456 r8192 d28672 u1048576
[    0.000000] PV qspinlock hash table entries: 256 (order: 0, 4096 bytes)
[    0.000000] Built 1 zonelists, mobility grouping on.  Total pages: 257913
[    0.000000] Policy zone: DMA32
[    0.000000] Kernel command line: BOOT_IMAGE=/boot/vmlinuz-4.15.0-159-generic root=LABEL=cloudimg-rootfs ro console=tty1 console=ttyS0
[    0.000000] Memory: 982708K/1048120K available (12300K kernel code, 2483K rwdata, 4320K rodata, 2448K init, 2724K bss, 65412K reserved, 0K cma-reserved)
[    0.000000] SLUB: HWalign=64, Order=0-3, MinObjects=0, CPUs=2, Nodes=1
[    0.000000] ftrace: allocating 39471 entries in 155 pages
[    0.004000] Hierarchical RCU implementation.
[    0.004000] 	RCU restricting CPUs from NR_CPUS=8192 to nr_cpu_ids=2.
[    0.004000] 	Tasks RCU enabled.
[    0.004000] RCU: Adjusting geometry for rcu_fanout_leaf=16, nr_cpu_ids=2
[    0.004000] NR_IRQS: 524544, nr_irqs: 440, preallocated irqs: 16
[    0.004000] Console: colour VGA+ 80x25
[    0.004000] console [tty1] enabled
[    0.004000] console [ttyS0] enabled
[    0.004000] ACPI: Core revision 20170831
[    0.004000] ACPI: 2 ACPI AML tables successfully acquired and loaded
[    0.004000] APIC: Switch to symmetric I/O mode setup
[    0.004000] x2apic enabled
[    0.004000] Switched APIC routing to physical x2apic.
[    0.004000] ..TIMER: vector=0x30 apic1=0 pin1=2 apic2=-1 pin2=-1
[    0.004000] tsc: Detected 2296.078 MHz processor
[    0.004000] Calibrating delay loop (skipped) preset value.. 4592.15 BogoMIPS (lpj=9184312)
[    0.004000] pid_max: default: 32768 minimum: 301
[    0.004000] Security Framework initialized
[    0.004000] Yama: becoming mindful.
[    0.004000] AppArmor: AppArmor initialized
[    0.004000] Dentry cache hash table entries: 131072 (order: 8, 1048576 bytes)
[    0.004000] Inode-cache hash table entries: 65536 (order: 7, 524288 bytes)
[    0.004000] Mount-cache hash table entries: 2048 (order: 2, 16384 bytes)
[    0.004000] Mountpoint-cache hash table entries: 2048 (order: 2, 16384 bytes)
[    0.004000] Last level iTLB entries: 4KB 512, 2MB 1024, 4MB 512
[    0.004000] Last level dTLB entries: 4KB 1024, 2MB 1024, 4MB 512, 1GB 0
[    0.004000] Spectre V1 : Mitigation: usercopy/swapgs barriers and __user pointer sanitization
[    0.004014] Spectre V2 : Spectre mitigation: LFENCE not serializing, switching to generic retpoline
[    0.008007] Spectre V2 : Mitigation: Full generic retpoline
[    0.009571] Spectre V2 : Spectre v2 / SpectreRSB mitigation: Filling RSB on context switch
[    0.012006] Speculative Store Bypass: Mitigation: Speculative Store Bypass disabled via prctl and seccomp
[    0.016322] Freeing SMP alternatives memory: 36K
[    0.149880] APIC calibration not consistent with PM-Timer: 109ms instead of 100ms
[    0.152000] APIC delta adjusted to PM-Timer: 6369120 (7004264)
[    0.152097] smpboot: CPU0: AMD A4-9125 RADEON R3, 4 COMPUTE CORES 2C+2G (family: 0x15, model: 0x70, stepping: 0x0)
[    0.155685] Performance Events: PMU not available due to virtualization, using software events only.
[    0.160164] Hierarchical SRCU implementation.
[    0.163527] NMI watchdog: Perf event create on CPU 0 failed with -2
[    0.164014] NMI watchdog: Perf NMI watchdog permanently disabled
[    0.168235] smp: Bringing up secondary CPUs ...
[    0.172358] x86: Booting SMP configuration:
[    0.176019] .... node  #0, CPUs:      #1
[    0.004000] kvm-clock: cpu 1, msr 0:3ff44041, secondary cpu clock
[    0.184055] smp: Brought up 1 node, 2 CPUs
[    0.188018] smpboot: Max logical packages: 1
[    0.192017] smpboot: Total of 2 processors activated (9184.31 BogoMIPS)
[    0.196935] devtmpfs: initialized
[    0.197563] x86/mm: Memory block size: 128MB
[    0.204414] evm: security.selinux
[    0.206266] evm: security.SMACK64
[    0.207831] evm: security.SMACK64EXEC
[    0.208013] evm: security.SMACK64TRANSMUTE
[    0.209583] evm: security.SMACK64MMAP
[    0.212017] evm: security.apparmor
[    0.213551] evm: security.ima
[    0.216017] evm: security.capability
[    0.226144] clocksource: jiffies: mask: 0xffffffff max_cycles: 0xffffffff, max_idle_ns: 7645041785100000 ns
[    0.232039] futex hash table entries: 512 (order: 3, 32768 bytes)
[    0.234315] pinctrl core: initialized pinctrl subsystem
[    0.236247] RTC time: 21:15:43, date: 10/05/21
[    0.240353] NET: Registered protocol family 16
[    0.240353] audit: initializing netlink subsys (disabled)
[    0.244067] audit: type=2000 audit(1633468554.428:1): state=initialized audit_enabled=0 res=1
[    0.248083] cpuidle: using governor ladder
[    0.248083] cpuidle: using governor menu
[    0.252441] ACPI: bus type PCI registered
[    0.253392] acpiphp: ACPI Hot Plug PCI Controller Driver version: 0.5
[    0.256280] PCI: Using configuration type 1 for base access
[    0.260016] PCI: Using configuration type 1 for extended access
[    0.268055] HugeTLB registered 2.00 MiB page size, pre-allocated 0 pages
[    0.282968] ACPI: Added _OSI(Module Device)
[    0.284019] ACPI: Added _OSI(Processor Device)
[    0.288019] ACPI: Added _OSI(3.0 _SCP Extensions)
[    0.292018] ACPI: Added _OSI(Processor Aggregator Device)
[    0.296023] ACPI: Added _OSI(Linux-Dell-Video)
[    0.300023] ACPI: Added _OSI(Linux-Lenovo-NV-HDMI-Audio)
[    0.304027] ACPI: Added _OSI(Linux-HPI-Hybrid-Graphics)
[    0.308472] ACPI: Executed 1 blocks of module-level executable AML code
[    0.348168] ACPI: Interpreter enabled
[    0.354091] ACPI: (supports S0 S5)
[    0.356019] ACPI: Using IOAPIC for interrupt routing
[    0.360617] PCI: Using host bridge windows from ACPI; if necessary, use "pci=nocrs" and report a bug
[    0.364409] ACPI: Enabled 2 GPEs in block 00 to 07
[    0.400258] ACPI: PCI Root Bridge [PCI0] (domain 0000 [bus 00-ff])
[    0.404041] acpi PNP0A03:00: _OSC: OS supports [ExtendedConfig ASPM ClockPM Segments MSI]
[    0.413323] acpi PNP0A03:00: _OSC: platform does not support [PCIeCapability]
[    0.417108] acpi PNP0A03:00: _OSC: not requesting control; platform does not support [PCIeCapability]
[    0.420021] acpi PNP0A03:00: _OSC: OS requested [PCIeHotplug PME AER PCIeCapability]
[    0.424023] acpi PNP0A03:00: _OSC: platform willing to grant [PCIeHotplug PME AER]
[    0.428024] acpi PNP0A03:00: _OSC failed (AE_SUPPORT); disabling ASPM
[    0.432798] PCI host bridge to bus 0000:00
[    0.436040] pci_bus 0000:00: root bus resource [io  0x0000-0x0cf7 window]
[    0.440083] pci_bus 0000:00: root bus resource [io  0x0d00-0xffff window]
[    0.444023] pci_bus 0000:00: root bus resource [mem 0x000a0000-0x000bffff window]
[    0.448033] pci_bus 0000:00: root bus resource [mem 0x40000000-0xfdffffff window]
[    0.452025] pci_bus 0000:00: root bus resource [bus 00-ff]
[    0.466883] pci 0000:00:01.1: legacy IDE quirk: reg 0x10: [io  0x01f0-0x01f7]
[    0.468024] pci 0000:00:01.1: legacy IDE quirk: reg 0x14: [io  0x03f6]
[    0.472084] pci 0000:00:01.1: legacy IDE quirk: reg 0x18: [io  0x0170-0x0177]
[    0.476022] pci 0000:00:01.1: legacy IDE quirk: reg 0x1c: [io  0x0376]
[    0.545560] pci 0000:00:07.0: quirk: [io  0x4000-0x403f] claimed by PIIX4 ACPI
[    0.548047] pci 0000:00:07.0: quirk: [io  0x4100-0x410f] claimed by PIIX4 SMB
[    0.600000] ACPI: PCI Interrupt Link [LNKA] (IRQs 5 9 10 *11)
[    0.604693] ACPI: PCI Interrupt Link [LNKB] (IRQs 5 9 *10 11)
[    0.612450] ACPI: PCI Interrupt Link [LNKC] (IRQs 5 *9 10 11)
[    0.616312] ACPI: PCI Interrupt Link [LNKD] (IRQs 5 9 10 *11)
[    0.620910] SCSI subsystem initialized
[    0.628958] pci 0000:00:02.0: vgaarb: setting as boot VGA device
[    0.632000] pci 0000:00:02.0: vgaarb: VGA device added: decodes=io+mem,owns=io+mem,locks=none
[    0.632023] pci 0000:00:02.0: vgaarb: bridge control possible
[    0.636015] vgaarb: loaded
[    0.640125] ACPI: bus type USB registered
[    0.644352] usbcore: registered new interface driver usbfs
[    0.649084] usbcore: registered new interface driver hub
[    0.652067] usbcore: registered new device driver usb
[    0.661755] EDAC MC: Ver: 3.0.0
[    0.676118] PCI: Using ACPI for IRQ routing
[    0.684225] NetLabel: Initializing
[    0.688016] NetLabel:  domain hash size = 128
[    0.692004] NetLabel:  protocols = UNLABELED CIPSOv4 CALIPSO
[    0.696056] NetLabel:  unlabeled traffic allowed by default
[    0.708352] clocksource: Switched to clocksource kvm-clock
[    0.724651] VFS: Disk quotas dquot_6.6.0
[    0.724651] VFS: Dquot-cache hash table entries: 512 (order 0, 4096 bytes)
[    0.724651] AppArmor: AppArmor Filesystem Enabled
[    0.724651] pnp: PnP ACPI init
[    0.724651] pnp: PnP ACPI: found 3 devices
[    0.779582] clocksource: acpi_pm: mask: 0xffffff max_cycles: 0xffffff, max_idle_ns: 2085701024 ns
[    0.780556] NET: Registered protocol family 2
[    0.780556] IP idents hash table entries: 16384 (order: 5, 131072 bytes)
[    0.794612] TCP established hash table entries: 8192 (order: 4, 65536 bytes)
[    0.798480] TCP bind hash table entries: 8192 (order: 5, 131072 bytes)
[    0.798480] TCP: Hash tables configured (established 8192 bind 8192)
[    0.798480] UDP hash table entries: 512 (order: 2, 16384 bytes)
[    0.798480] UDP-Lite hash table entries: 512 (order: 2, 16384 bytes)
[    0.798480] NET: Registered protocol family 1
[    0.798480] pci 0000:00:00.0: Limiting direct PCI/PCI transfers
[    0.798480] pci 0000:00:01.0: Activating ISA DMA hang workarounds
[    0.798480] pci 0000:00:02.0: Video device with shadowed ROM at [mem 0x000c0000-0x000dffff]
[    0.798480] Unpacking initramfs...
[    1.566508] Freeing initrd memory: 19528K
[    1.568417] clocksource: tsc: mask: 0xffffffffffffffff max_cycles: 0x2118bc03db5, max_idle_ns: 440795228994 ns
[    1.572711] platform rtc_cmos: registered platform RTC device (no PNP device found)
[    1.579356] Scanning for low memory corruption every 60 seconds
[    1.585240] Initialise system trusted keyrings
[    1.587605] Key type blacklist registered
[    1.591009] workingset: timestamp_bits=36 max_order=18 bucket_order=0
[    1.596413] zbud: loaded
[    1.617333] squashfs: version 4.0 (2009/01/31) Phillip Lougher
[    1.622697] fuse init (API version 7.26)
[    1.685391] Key type asymmetric registered
[    1.694782] Asymmetric key parser 'x509' registered
[    1.696653] Block layer SCSI generic (bsg) driver version 0.4 loaded (major 246)
[    1.702857] io scheduler noop registered
[    1.708687] io scheduler deadline registered
[    1.724928] io scheduler cfq registered (default)
[    1.727933] ACPI: AC Adapter [AC] (on-line)
[    1.730055] input: Power Button as /devices/LNXSYSTM:00/LNXPWRBN:00/input/input0
[    1.735619] ACPI: Power Button [PWRF]
[    1.737202] input: Sleep Button as /devices/LNXSYSTM:00/LNXSLPBN:00/input/input1
[    1.742148] ACPI: Sleep Button [SLPF]
[    1.746086] ACPI: Battery Slot [BAT0] (battery present)
[    1.750143] Serial: 8250/16550 driver, 32 ports, IRQ sharing enabled
[    1.784375] 00:02: ttyS0 at I/O 0x3f8 (irq = 4, base_baud = 115200) is a 16550A
[    1.824006] Linux agpgart interface v0.103
[    1.839107] loop: module loaded
[    1.843143] scsi host0: ata_piix
[    1.846741] scsi host1: ata_piix
[    1.850470] ata1: PATA max UDMA/33 cmd 0x1f0 ctl 0x3f6 bmdma 0xd000 irq 14
[    1.873068] ata2: PATA max UDMA/33 cmd 0x170 ctl 0x376 bmdma 0xd008 irq 15
[    1.909748] libphy: Fixed MDIO Bus: probed
[    1.926493] tun: Universal TUN/TAP device driver, 1.6
[    1.945275] PPP generic driver version 2.4.2
[    1.953115] ehci_hcd: USB 2.0 'Enhanced' Host Controller (EHCI) Driver
[    1.983176] ehci-pci: EHCI PCI platform driver
[    1.989755] ehci-platform: EHCI generic platform driver
[    2.004443] ohci_hcd: USB 1.1 'Open' Host Controller (OHCI) Driver
[    2.030237] ohci-pci: OHCI PCI platform driver
[    2.053610] ohci-platform: OHCI generic platform driver
[    2.079253] uhci_hcd: USB Universal Host Controller Interface driver
[    2.120446] i8042: PNP: PS/2 Controller [PNP0303:PS2K,PNP0f03:PS2M] at 0x60,0x64 irq 1,12
[    2.152748] serio: i8042 KBD port at 0x60,0x64 irq 1
[    2.156164] serio: i8042 AUX port at 0x60,0x64 irq 12
[    2.166436] mousedev: PS/2 mouse device common for all mice
[    2.177287] rtc_cmos rtc_cmos: rtc core: registered rtc_cmos as rtc0
[    2.191334] rtc_cmos rtc_cmos: alarms up to one day, 114 bytes nvram
[    2.198256] i2c /dev entries driver
[    2.204314] device-mapper: uevent: version 1.0.3
[    2.209931] device-mapper: ioctl: 4.37.0-ioctl (2017-09-20) initialised: dm-devel@redhat.com
[    2.219960] input: AT Translated Set 2 keyboard as /devices/platform/i8042/serio0/input/input2
[    2.231617] ledtrig-cpu: registered to indicate activity on CPUs
[    2.249453] x86/pm: family 0x15 cpu detected, MSR saving is needed during suspending.
[    2.273375] NET: Registered protocol family 10
[    2.348665] Segment Routing with IPv6
[    2.351301] NET: Registered protocol family 17
[    2.374541] Key type dns_resolver registered
[    2.392783] mce: Using 0 MCE banks
[    2.405697] RAS: Correctable Errors collector initialized.
[    2.413148] sched_clock: Marking stable (2412998303, 0)->(3460963915, -1047965612)
[    2.436722] registered taskstats version 1
[    2.445379] Loading compiled-in X.509 certificates
[    2.468594] Loaded X.509 cert 'Build time autogenerated kernel key: bf5768e0b2369bd53acb56866ca104cf5a2c379b'
[    2.486905] Loaded X.509 cert 'Canonical Ltd. Live Patch Signing: 14df34d1a87cf37625abec039ef2bf521249b969'
[    2.507290] Loaded X.509 cert 'Canonical Ltd. Kernel Module Signing: 88f752e560a1e0737e31163a466ad7b70a850c19'
[    2.513242] zswap: loaded using pool lzo/zbud
[    2.534892] Key type big_key registered
[    2.537230] Key type trusted registered
[    2.545850] Key type encrypted registered
[    2.548252] AppArmor: AppArmor sha1 policy hashing enabled
[    2.551081] ima: No TPM chip found, activating TPM-bypass! (rc=-19)
[    2.554983] ima: Allocated hash algorithm: sha1
[    2.557534] evm: HMAC attrs: 0x1
[    2.559857]   Magic number: 9:348:297
[    2.563151] rtc_cmos rtc_cmos: setting system clock to 2021-10-05 21:15:46 UTC (1633468546)
[    2.568332] BIOS EDD facility v0.16 2004-Jun-25, 0 devices found
[    2.571439] EDD information not available.
[    2.580750] Freeing unused kernel image memory: 2448K
[    2.608062] Write protecting the kernel read-only data: 20480k
[    2.626029] Freeing unused kernel image memory: 2008K
[    2.648523] Freeing unused kernel image memory: 1824K
[    2.670238] x86/mm: Checked W+X mappings: passed, no W+X pages found.
Loading, please wait...
starting version 237
[    3.171486] e1000: Intel(R) PRO/1000 Network Driver - version 7.3.21-k8-NAPI
[    3.176029] e1000: Copyright (c) 1999-2006 Intel Corporation.
[    3.602727] Fusion MPT base driver 3.04.20
[    3.613918] Copyright (c) 1999-2008 LSI Corporation
[    3.796896] input: ImExPS/2 Generic Explorer Mouse as /devices/platform/i8042/serio1/input/input4
[    4.061270] AVX2 version of gcm_enc/dec engaged.
[    4.070488] AES CTR mode by8 optimization enabled
[    4.078573] Fusion MPT SPI Host driver 3.04.20
[    4.424558] e1000 0000:00:03.0 eth0: (PCI:33MHz:32-bit) 02:2f:77:f1:0c:e0
[    4.426573] e1000 0000:00:03.0 eth0: Intel(R) PRO/1000 Network Connection
[    5.504526] e1000 0000:00:08.0 eth1: (PCI:33MHz:32-bit) 08:00:27:9c:05:00
[    5.506670] e1000 0000:00:08.0 eth1: Intel(R) PRO/1000 Network Connection
[    5.514337] e1000 0000:00:03.0 enp0s3: renamed from eth0
[    5.520435] mptbase: ioc0: Initiating bringup
[    5.544857] e1000 0000:00:08.0 enp0s8: renamed from eth1
[    5.632856] ioc0: LSI53C1030 A0: Capabilities={Initiator}
[    5.875339] scsi host2: ioc0: LSI53C1030 A0, FwRev=00000000h, Ports=1, MaxQ=256, IRQ=20
[    6.055401] scsi 2:0:0:0: Direct-Access     VBOX     HARDDISK         1.0  PQ: 0 ANSI: 5
[    6.555452] scsi target2:0:0: Beginning Domain Validation
[    6.565124] scsi target2:0:0: Domain Validation skipping write tests
[    6.568798] scsi target2:0:0: Ending Domain Validation
[    6.571399] scsi target2:0:0: asynchronous
[    6.576134] scsi 2:0:1:0: Direct-Access     VBOX     HARDDISK         1.0  PQ: 0 ANSI: 5
[    6.611121] scsi target2:0:1: Beginning Domain Validation
[    6.629712] random: fast init done
[    6.642796] scsi target2:0:1: Domain Validation skipping write tests
[    6.645788] scsi target2:0:1: Ending Domain Validation
[    6.659356] scsi target2:0:1: asynchronous
[    6.687389] random: systemd-udevd: uninitialized urandom read (16 bytes read)
[    6.698178] sd 2:0:0:0: [sda] 83886080 512-byte logical blocks: (42.9 GB/40.0 GiB)
[    6.702018] random: systemd-udevd: uninitialized urandom read (16 bytes read)
[    6.714659] sd 2:0:0:0: [sda] Write Protect is off
[    6.714817] sd 2:0:0:0: [sda] Incomplete mode parameter data
[    6.714820] sd 2:0:0:0: [sda] Assuming drive cache: write through
[    6.722335] sd 2:0:0:0: Attached scsi generic sg0 type 0
[    6.738300] random: systemd-udevd: uninitialized urandom read (16 bytes read)
[    6.742751]  sda: sda1
[    6.744274] sd 2:0:0:0: [sda] Attached SCSI disk
[    6.745059] sd 2:0:1:0: [sdb] 20480 512-byte logical blocks: (10.5 MB/10.0 MiB)
[    6.745124] sd 2:0:1:0: [sdb] Write Protect is off
[    6.745255] sd 2:0:1:0: [sdb] Incomplete mode parameter data
[    6.745257] sd 2:0:1:0: [sdb] Assuming drive cache: write through
[    6.748105] sd 2:0:1:0: Attached scsi generic sg1 type 0
[    6.820346] sd 2:0:1:0: [sdb] Attached SCSI disk
Begin: Loading essential drivers ... [   10.358810] raid6: sse2x1   gen()  1757 MB/s
[   10.408246] raid6: sse2x1   xor()  1528 MB/s
[   10.456538] raid6: sse2x2   gen()  2044 MB/s
[   10.506276] raid6: sse2x2   xor()  3242 MB/s
[   10.562848] raid6: sse2x4   gen()   827 MB/s
[   10.616327] raid6: sse2x4   xor()  1098 MB/s
[   10.678396] raid6: avx2x1   gen()   756 MB/s
[   10.732232] raid6: avx2x1   xor()  1859 MB/s
[   10.816339] raid6: avx2x2   gen()  1056 MB/s
[   10.888246] raid6: avx2x2   xor()  1247 MB/s
[   10.964388] raid6: avx2x4   gen()   121 MB/s
[   11.048914] raid6: avx2x4   xor()   633 MB/s
[   11.057279] raid6: using algorithm sse2x2 gen() 2044 MB/s
[   11.061908] raid6: .... xor() 3242 MB/s, rmw enabled
[   11.067842] raid6: using avx2x2 recovery algorithm
[   11.081017] xor: automatically using best checksumming function   avx       
[   11.097703] async_tx: api initialized (async)
done.
Begin: Running /scripts/init-premount ... done.
Begin: Mounting root file system ... Begin: Running /scripts/local-top ... done.
Begin: Running /scripts/local-premount ... [   11.449734] Btrfs loaded, crc32c=crc32c-intel
Scanning for Btrfs filesystems
done.
Warning: fsck not present, so skipping root file system
[   11.674678] EXT4-fs (sda1): mounted filesystem with ordered data mode. Opts: (null)
done.
Begin: Running /scripts/local-bottom ... done.
Begin: Running /scripts/init-bottom ... done.
[   13.098850] ip_tables: (C) 2000-2006 Netfilter Core Team
[   13.215552] systemd[1]: systemd 237 running in system mode. (+PAM +AUDIT +SELINUX +IMA +APPARMOR +SMACK +SYSVINIT +UTMP +LIBCRYPTSETUP +GCRYPT +GNUTLS +ACL +XZ +LZ4 +SECCOMP +BLKID +ELFUTILS +KMOD -IDN2 +IDN -PCRE2 default-hierarchy=hybrid)
[   13.231667] systemd[1]: Detected virtualization oracle.
[   13.233344] systemd[1]: Detected architecture x86-64.

Welcome to [1mUbuntu 18.04.6 LTS[0m!

[   13.303672] systemd[1]: Set hostname to <ubuntu-bionic>.
[   13.589861] random: crng init done
[   13.591990] random: 7 urandom warning(s) missed due to ratelimiting
[   16.950311] systemd[1]: Created slice System Slice.
[[0;32m  OK  [0m] Created slice System Slice.
[   16.964782] systemd[1]: Listening on Journal Socket.
[[0;32m  OK  [0m] Listening on Journal Socket.
[   16.976697] systemd[1]: Starting Set the console keyboard layout...
         Starting Set the console keyboard layout...
[   16.986444] systemd[1]: Mounting Huge Pages File System...
         Mounting Huge Pages File System...
[   17.016894] systemd[1]: Reached target Swap.
[[0;32m  OK  [0m] Reached target Swap.
[   17.028643] systemd[1]: Listening on Journal Audit Socket.
[[0;32m  OK  [0m] Listening on Journal Audit Socket.
[[0;32m  OK  [0m] Listening on LVM2 poll daemon socket.
[[0;32m  OK  [0m] Listening on udev Kernel Socket.
[[0;32m  OK  [0m] Listening on LVM2 metadata daemon socket.
[[0;32m  OK  [0m] Listening on Network Service Netlink Socket.
[[0;32m  OK  [0m] Reached target User and Group Name Lookups.
[[0;32m  OK  [0m] Listening on Syslog Socket.
         Starting Load Kernel Modules...
         Mounting POSIX Message Queue File System...
[[0;32m  OK  [0m] Listening on udev Control Socket.
         Starting udev Coldplug all Devices...
         Starting Uncomplicated firewall...
[[0;32m  OK  [0m] Listening on Journal Socket (/dev/log).
[   17.682930] Loading iSCSI transport class v2.0-870.
         Starting Journal Service...
[[0;32m  OK  [0m] Set up automount Arbitrary Executabâ€¦rmats File System Automount Point.
[[0;32m  OK  [0m] Created slice User and Session Slice.
[[0;32m  OK  [0m] Reached target Slices.
[[0;32m  OK  [0m] Listening on Device-mapper event daemon FIFOs.
         Starting Monitoring of LVM2 mirrorsâ€¦ng dmeventd or progress polling...
[[0;32m  OK  [0m] Listening on fsck to fsckd communication Socket.
         Starting File System Check on Root Device...
[[0;32m  OK  [0m] Started Forward Password Requests to Wall Directory Watch.
         Starting Create list of required stâ€¦ce nodes for the current kernel...
[[0;32m  OK  [0m] Listening on /dev/initctl Compatibility Named Pipe.
[[0;32m  OK  [0m] Created slice system-serial\x2dgetty.slice.
[[0;32m  OK  [0m] Reached target System Time Synchronized.
         Mounting Kernel Debug File System...
[[0;32m  OK  [0m] Mounted Huge Pages File System.
[[0;32m  OK  [0m] Mounted POSIX Message Queue File System.
[   18.148150] systemd[1]: Started Uncomplicated firewall.
[[0;32m  OK  [0m] Started Uncomplicated firewall.
[   18.222449] systemd[1]: Started File System Check Daemon to report status.
[[0;32m  OK  [0m] Started File System Check Daemon to report status.
[   18.258233] systemd[1]: Mounted Kernel Debug File System.
[[0;32m  OK  [0m] Mounted Kernel Debug File System.
[   18.314915] iscsi: registered transport (tcp)
[   18.414318] systemd[1]: Started Create list of required static device nodes for the current kernel.
[[0;32m  OK  [0m] Started Create list of required staâ€¦vice nodes for the current kernel.
[   18.495144] systemd[1]: Started Set the console keyboard layout.
[[0;32m  OK  [0m] Started Set the console keyboard layout.
[   18.544822] systemd[1]: Starting Create Static Device Nodes in /dev...
         Starting Create Static Device Nodes in /dev...
[   18.665824] systemd[1]: Started File System Check on Root Device.
[[0;32m  OK  [0m] Started File System Check on Root Device.
[   18.738514] systemd[1]: Starting Remount Root and Kernel File Systems...
         Starting Remount Root and Kernel File Systems...
[   18.855816] systemd[1]: Started LVM2 metadata daemon.
[[0;32m  OK  [0m] Started LVM2 metadata daemon.
[   18.892007] systemd[1]: Started udev Coldplug all Devices.
[[0;32m  OK  [0m] Started udev Coldplug all Devices.
[   19.034253] EXT4-fs (sda1): re-mounted. Opts: (null)
[[0;32m  OK  [0m] Started Remount Root and Kernel File Systems.
         Starting Load/Save Random Seed...
[[0;32m  OK  [0m] Started Journal Service.
[[0;32m  OK  [0m] Started Create Static Device Nodes in /dev.
         Starting udev Kernel Device Manager...
         Starting Flush Journal to Persistent Storage...
[[0;32m  OK  [0m] Started Monitoring of LVM2 mirrors,â€¦sing dmeventd or progress polling.
[[0;32m  OK  [0m] Started Load/Save Random Seed.
[[0;32m  OK  [0m] Reached target Local File Systems (Pre).
[[0;32m  OK  [0m] Reached target Local File Systems.
         Starting Tell Plymouth To Write Out Runtime Data...
         Starting Set console font and keymap...
         Starting ebtables ruleset management...
         Starting AppArmor initialization...
[   20.134986] systemd-journald[410]: Received request to flush runtime journal from PID 1
[[0;32m  OK  [0m] Started Set console font and keymap.
[[0;32m  OK  [0m] Started Tell Plymouth To Write Out Runtime Data.
[   20.451280] iscsi: registered transport (iser)
[[0;32m  OK  [0m] Started Load Kernel Modules.
         Starting Apply Kernel Variables...
         Mounting FUSE Control File System...
         Mounting Kernel Configuration File System...
[[0;32m  OK  [0m] Mounted FUSE Control File System.
[[0;32m  OK  [0m] Mounted Kernel Configuration File System.
[[0;32m  OK  [0m] Started udev Kernel Device Manager.
[[0;32m  OK  [0m] Started Dispatch Password Requests to Console Directory Watch.
[[0;32m  OK  [0m] Reached target Local Encrypted Volumes.
[[0;32m  OK  [0m] Started Apply Kernel Variables.
[[0;32m  OK  [0m] Started ebtables ruleset management.
[[0;32m  OK  [0m] Started Flush Journal to Persistent Storage.
         Starting Create Volatile Files and Directories...
[[0;32m  OK  [0m] Started Create Volatile Files and Directories.
         Starting Update UTMP about System Boot/Shutdown...
[[0;32m  OK  [0m] Started Update UTMP about System Boot/Shutdown.
[[0;32m  OK  [0m] Started AppArmor initialization.
         Starting Initial cloud-init job (pre-networking)...
         Starting Load AppArmor profiles managed internally by snapd...
[[0;32m  OK  [0m] Found device /dev/ttyS0.
[[0;32m  OK  [0m] Started Load AppArmor profiles managed internally by snapd.
[[0;32m  OK  [0m] Listening on Load/Save RF Kill Switch Status /dev/rfkill Watch.
[   35.608108] cloud-init[528]: Cloud-init v. 21.2-3-g899bfaa9-0ubuntu2~18.04.1 running 'init-local' at Tue, 05 Oct 2021 21:16:18 +0000. Up 34.11 seconds.
[[0;32m  OK  [0m] Started Initial cloud-init job (pre-networking).
[[0;32m  OK  [0m] Reached target Network (Pre).
         Starting Network Service...
[[0;32m  OK  [0m] Started Network Service.
         Starting Network Name Resolution...
         Starting Wait for Network to be Configured...
[[0;32m  OK  [0m] Started Network Name Resolution.
[[0;32m  OK  [0m] Reached target Host and Network Name Lookups.
[[0;32m  OK  [0m] Reached target Network.
[[0;32m  OK  [0m] Started Wait for Network to be Configured.
         Starting Initial cloud-init job (metadata service crawler)...
[   46.706721] cloud-init[671]: Cloud-init v. 21.2-3-g899bfaa9-0ubuntu2~18.04.1 running 'init' at Tue, 05 Oct 2021 21:16:28 +0000. Up 44.77 seconds.
[   46.738369] cloud-init[671]: ci-info: ++++++++++++++++++++++++++++++++++++++++++++Net device info+++++++++++++++++++++++++++++++++++++++++++++
[   46.761136] cloud-init[671]: ci-info: +--------+------+-----------------------------------------+---------------+--------+-------------------+
[   46.778985] cloud-init[671]: ci-info: | Device |  Up  |                 Address                 |      Mask     | Scope  |     Hw-Address    |
[   46.793007] cloud-init[671]: ci-info: +--------+------+-----------------------------------------+---------------+--------+-------------------+
[   46.836399] cloud-init[671]: ci-info: | enp0s3 | True |                10.0.2.15                | 255.255.255.0 | global | 02:2f:77:f1:0c:e0 |
[   46.843494] cloud-init[671]: ci-info: | enp0s3 | True |        fe80::2f:77ff:fef1:ce0/64        |       .       |  link  | 02:2f:77:f1:0c:e0 |
[   46.861551] cloud-init[671]: ci-info: | enp0s8 | True |              192.168.100.24             | 255.255.255.0 | global | 08:00:27:9c:05:00 |
[   46.874661] cloud-init[671]: ci-info: | enp0s8 | True | 2804:d45:a309:a700:a00:27ff:fe9c:500/64 |       .       | global | 08:00:27:9c:05:00 |
[   46.904749] cloud-init[671]: ci-info: | enp0s8 | True |        fe80::a00:27ff:fe9c:500/64       |       .       |  link  | 08:00:27:9c:05:00 |
[   46.910379] cloud-init[671]: ci-info: |   lo   | True |                127.0.0.1                |   255.0.0.0   |  host  |         .         |
[   46.937062] cloud-init[671]: ci-info: |   lo   | True |                 ::1/128                 |       .       |  host  |         .         |
[   46.955498] cloud-init[671]: ci-info: +--------+------+-----------------------------------------+---------------+--------+-------------------+
[   46.985443] cloud-init[671]: ci-info: +++++++++++++++++++++++++++++Route IPv4 info++++++++++++++++++++++++++++++
[   47.012776] cloud-init[671]: ci-info: +-------+---------------+----------+-----------------+-----------+-------+
[   47.043170] cloud-init[671]: ci-info: | Route |  Destination  | Gateway  |     Genmask     | Interface | Flags |
[   47.076652] cloud-init[671]: ci-info: +-------+---------------+----------+-----------------+-----------+-------+
[   47.106795] cloud-init[671]: ci-info: |   0   |    0.0.0.0    | 10.0.2.2 |     0.0.0.0     |   enp0s3  |   UG  |
[   47.119680] cloud-init[671]: ci-info: |   1   |    10.0.2.0   | 0.0.0.0  |  255.255.255.0  |   enp0s3  |   U   |
[   47.139416] cloud-init[671]: ci-info: |   2   |    10.0.2.2   | 0.0.0.0  | 255.255.255.255 |   enp0s3  |   UH  |
[   47.163435] cloud-init[671]: ci-info: |   3   | 192.168.100.0 | 0.0.0.0  |  255.255.255.0  |   enp0s8  |   U   |
[   47.181720] cloud-init[671]: ci-info: +-------+---------------+----------+-----------------+-----------+-------+
[   47.202486] cloud-init[671]: ci-info: +++++++++++++++++++++++++Route IPv6 info+++++++++++++++++++++++++
[   47.245842] cloud-init[671]: ci-info: +-------+-------------------------+---------+-----------+-------+
[   47.260761] cloud-init[671]: ci-info: | Route |       Destination       | Gateway | Interface | Flags |
[   47.281699] cloud-init[671]: ci-info: +-------+-------------------------+---------+-----------+-------+
[   47.304737] cloud-init[671]: ci-info: |   1   | 2804:d45:a309:a700::/64 |    ::   |   enp0s8  |   U   |
[   47.324013] cloud-init[671]: ci-info: |   2   |        fe80::/64        |    ::   |   enp0s8  |   U   |
[   47.345442] cloud-init[671]: ci-info: |   3   |        fe80::/64        |    ::   |   enp0s3  |   U   |
[   47.365752] cloud-init[671]: ci-info: |   4   |           ::/0          | fe80::1 |   enp0s8  |   UG  |
[   47.428354] cloud-init[671]: ci-info: |   6   |          local          |    ::   |   enp0s8  |   U   |
[   47.475273] cloud-init[671]: ci-info: |   7   |          local          |    ::   |   enp0s3  |   U   |
[   47.502259] cloud-init[671]: ci-info: |   8   |          local          |    ::   |   enp0s8  |   U   |
[   47.536952] cloud-init[671]: ci-info: |   9   |         ff00::/8        |    ::   |   enp0s8  |   U   |
[   47.574422] cloud-init[671]: ci-info: |   10  |         ff00::/8        |    ::   |   enp0s3  |   U   |
[   47.612418] cloud-init[671]: ci-info: +-------+-------------------------+---------+-----------+-------+
[[0;32m  OK  [0m] Started Initial cloud-init job (metadata service crawler).
[[0;32m  OK  [0m] Reached target System Initialization.
         Starting Socket activation for snappy daemon.
[[0;32m  OK  [0m] Listening on D-Bus System Message Bus Socket.
[[0;32m  OK  [0m] Listening on ACPID Listen Socket.
         Starting LXD - unix socket.
[[0;32m  OK  [0m] Started ACPI Events Check.
[[0;32m  OK  [0m] Listening on UUID daemon activation socket.
[[0;32m  OK  [0m] Started Clean PHP session files every 30 mins.
[[0;32m  OK  [0m] Reached target Paths.
[[0;32m  OK  [0m] Listening on Open-iSCSI iscsid Socket.
[[0;32m  OK  [0m] Started Message of the Day.
[[0;32m  OK  [0m] Started Ubuntu Advantage update messaging.
[[0;32m  OK  [0m] Started Discard unused blocks once a week.
[[0;32m  OK  [0m] Started Daily Cleanup of Temporary Directories.
[[0;32m  OK  [0m] Started Daily apt download activities.
[[0;32m  OK  [0m] Started Daily apt upgrade and clean activities.
[[0;32m  OK  [0m] Reached target Timers.
[[0;32m  OK  [0m] Reached target Network is Online.
[[0;32m  OK  [0m] Reached target Remote File Systems (Pre).
         Mounting /tmp/vagrant-puppet/manifeâ€¦3495747afa2e41380e5be2df8263ed8...
         Mounting /vagrant...
         Starting Availability of block devices...
[[0;32m  OK  [0m] Reached target Cloud-config availability.
[[0;32m  OK  [0m] Listening on Socket activation for snappy daemon.
[[0;32m  OK  [0m] Listening on LXD - unix socket.
[[0;32m  OK  [0m] Started Availability of block devices.
[[0;32m  OK  [0m] Reached target Sockets.
[[0;32m  OK  [0m] Reached target Basic System.
[[0;32m  OK  [0m] Started Deferred execution scheduler.
[[0;32m  OK  [0m] Started irqbalance daemon.
         Starting Login Service...
         Starting LXD - container startup/shutdown...
[[0;32m  OK  [0m] Started Regular background program processing daemon.
         Starting Accounts Service...
         Starting Dispatcher daemon for systemd-networkd...
         Starting Virtualbox guest utils...
[[0;32m  OK  [0m] Started FUSE filesystem for LXC.
[[0;32m  OK  [0m] Started D-Bus System Message Bus.
[[0;32m  OK  [0m] Started Login Service.
[[0;32m  OK  [0m] Started Unattended Upgrades Shutdown.
         Starting OpenBSD Secure Shell server...
         Starting System Logging Service...
         Starting LSB: Record successful boot for GRUB...
         Starting Snap Daemon...
[[0;32m  OK  [0m] Mounted /tmp/vagrant-puppet/manifesâ€¦-63495747afa2e41380e5be2df8263ed8.
[[0;32m  OK  [0m] Mounted /vagrant.
[[0;32m  OK  [0m] Reached target Remote File Systems.
         Starting LSB: automatic crash report generation...
         Starting Permit User Sessions...
         Starting The Apache HTTP Server...
         Starting Authorization Manager...
[[0;32m  OK  [0m] Started Permit User Sessions.
         Starting Hold until boot process finishes up...
         Starting Terminate Plymouth Boot Screen...
[[0;32m  OK  [0m] Started Hold until boot process finishes up.
[[0;32m  OK  [0m] Started Terminate Plymouth Boot Screen.
         Starting Set console scheme...
[[0;32m  OK  [0m] Started Serial Getty on ttyS0.
[[0;32m  OK  [0m] Started Set console scheme.
[[0;32m  OK  [0m] Created slice system-getty.slice.
[[0;32m  OK  [0m] Started Getty on tty1.
[[0;32m  OK  [0m] Reached target Login Prompts.
[[0;32m  OK  [0m] Started LSB: Record successful boot for GRUB.
[[0;32m  OK  [0m] Started System Logging Service.
[[0;32m  OK  [0m] Started LSB: automatic crash report generation.
[[0;32m  OK  [0m] Started Authorization Manager.
[[0;32m  OK  [0m] Started Accounts Service.
[[0;32m  OK  [0m] Started LXD - container startup/shutdown.
[[0;32m  OK  [0m] Started Virtualbox guest utils.
[[0;32m  OK  [0m] Started OpenBSD Secure Shell server.
[[0;32m  OK  [0m] Started Dispatcher daemon for systemd-networkd.

Ubuntu 18.04.6 LTS ubuntu-bionic ttyS0

ubuntu-bionic login: [   69.609072] cloud-init[993]: Cloud-init v. 21.2-3-g899bfaa9-0ubuntu2~18.04.1 running 'modules:config' at Tue, 05 Oct 2021 21:16:52 +0000. Up 68.32 seconds.
[   76.343820] cloud-init[1183]: Cloud-init v. 21.2-3-g899bfaa9-0ubuntu2~18.04.1 running 'modules:final' at Tue, 05 Oct 2021 21:16:58 +0000. Up 75.05 seconds.
[   76.347422] cloud-init[1183]: Cloud-init v. 21.2-3-g899bfaa9-0ubuntu2~18.04.1 finished at Tue, 05 Oct 2021 21:17:00 +0000. Datasource DataSourceNoCloud [seed=/dev/sdb][dsmode=net].  Up 76.22 seconds
